2026-08-26 20:24:07,060 | INFO    | ======================================================================
2026-08-26 20:24:07,060 | INFO    | INICIO window_search: 2026-08-26T20:24:07
2026-08-26 20:24:41,979 | INFO    | Slope units: 61167 | filas evento: 492
2026-08-26 20:24:42,212 | INFO    |   Est.    1: 2010-01-12 -> 2026-03-18 |  94.0% con dato | 1985 duplicados
2026-08-26 20:24:42,359 | INFO    |   Est.    2: 2010-01-01 -> 2026-03-18 |  90.7% con dato | 249 duplicados
2026-08-26 20:24:42,515 | INFO    |   Est.    3: 2010-01-01 -> 2026-03-18 |  89.5% con dato | 1991 duplicados
2026-08-26 20:24:42,666 | INFO    |   Est.    4: 2010-01-01 -> 2026-03-18 |  84.2% con dato | 1972 duplicados
2026-08-26 20:24:42,840 | INFO    |   Est.    5: 2010-01-01 -> 2026-03-18 |  95.7% con dato | 1991 duplicados
2026-08-26 20:24:43,004 | INFO    |   Est.    7: 2010-01-01 -> 2026-03-18 |  90.6% con dato | 1991 duplicados
2026-08-26 20:24:43,140 | INFO    |   Est.    8: 2010-01-01 -> 2026-03-18 |  89.8% con dato | 1980 duplicados
2026-08-26 20:24:43,294 | INFO    |   Est.    9: 2010-01-01 -> 2026-03-18 |  90.4% con dato | 1990 duplicados
2026-08-26 20:24:43,431 | INFO    |   Est.   10: 2010-01-01 -> 2026-03-18 |  90.8% con dato | 1990 duplicados
2026-08-26 20:24:43,586 | INFO    |   Est.   11: 2010-01-04 -> 2026-03-18 |  89.4% con dato | 1991 duplicados
2026-08-26 20:24:43,740 | INFO    |   Est.   12: 2010-01-01 -> 2026-03-18 |  91.8% con dato | 1972 duplicados
2026-08-26 20:24:43,878 | INFO    |   Est.   14: 2010-01-01 -> 2026-03-18 |  89.7% con dato | 1991 duplicados
2026-08-26 20:24:44,034 | INFO    |   Est.   15: 2010-01-01 -> 2026-03-18 |  92.8% con dato | 1991 duplicados
2026-08-26 20:24:44,191 | INFO    |   Est.   16: 2010-01-01 -> 2026-03-18 |  92.0% con dato | 1991 duplicados
2026-08-26 20:24:44,340 | INFO    |   Est.   17: 2010-01-28 -> 2026-03-18 |  93.5% con dato | 1991 duplicados
2026-08-26 20:24:44,491 | INFO    |   Est.   18: 2010-01-11 -> 2026-03-18 |  91.1% con dato | 1991 duplicados
2026-08-26 20:24:44,677 | INFO    |   Est.   19: 2010-01-11 -> 2026-03-18 |  93.5% con dato | 1991 duplicados
2026-08-26 20:24:44,819 | INFO    |   Est.   20: 2010-01-12 -> 2026-03-18 |  88.5% con dato | 1991 duplicados
2026-08-26 20:24:44,963 | INFO    |   Est.   21: 2010-01-11 -> 2026-03-18 |  91.3% con dato | 1990 duplicados
2026-08-26 20:24:45,112 | INFO    |   Est.   22: 2010-01-14 -> 2026-03-18 |  91.0% con dato | 1991 duplicados
2026-08-26 20:24:45,275 | INFO    |   Est.   23: 2010-01-10 -> 2026-03-18 |  93.5% con dato | 1973 duplicados
2026-08-26 20:24:45,426 | INFO    |   Est.   24: 2010-01-18 -> 2026-03-18 |  92.4% con dato | 1991 duplicados
2026-08-26 20:24:45,578 | INFO    |   Est.   25: 2010-01-18 -> 2026-01-07 |  77.2% con dato | 1 duplicados
2026-08-26 20:24:45,729 | INFO    |   Est.   26: 2010-01-04 -> 2026-03-18 |  83.2% con dato | 1990 duplicados
2026-08-26 20:24:45,852 | INFO    |   Est.   27: 2010-01-18 -> 2024-07-12 |  82.7% con dato | 0 duplicados
2026-08-26 20:24:46,003 | INFO    |   Est.   28: 2010-01-18 -> 2026-03-18 |  86.4% con dato | 1991 duplicados
2026-08-26 20:24:46,153 | INFO    |   Est.   29: 2010-01-18 -> 2026-03-18 |  91.9% con dato | 1991 duplicados
2026-08-26 20:24:46,310 | INFO    |   Est.   30: 2010-01-01 -> 2026-03-18 |  90.4% con dato | 1991 duplicados
2026-08-26 20:24:46,466 | INFO    |   Est.   31: 2010-01-06 -> 2026-03-18 |  87.5% con dato | 1991 duplicados
2026-08-26 20:24:46,618 | INFO    |   Est.   32: 2010-01-06 -> 2026-03-18 |  86.0% con dato | 1991 duplicados
2026-08-26 20:24:46,773 | INFO    |   Est.   33: 2010-01-28 -> 2026-03-18 |  87.2% con dato | 1991 duplicados
2026-08-26 20:24:46,924 | INFO    |   Est.   34: 2010-01-10 -> 2026-03-18 |  88.7% con dato | 1991 duplicados
2026-08-26 20:24:47,101 | INFO    |   Est.   35: 2010-01-28 -> 2026-03-18 |  93.8% con dato | 1991 duplicados
2026-08-26 20:24:47,280 | INFO    |   Est.   36: 2010-03-26 -> 2026-03-18 |  92.6% con dato | 1991 duplicados
2026-08-26 20:24:47,450 | INFO    |   Est.   37: 2010-01-28 -> 2026-03-18 |  89.5% con dato | 1991 duplicados
2026-08-26 20:24:47,606 | INFO    |   Est.   39: 2010-01-28 -> 2026-03-18 |  91.0% con dato | 1991 duplicados
2026-08-26 20:24:47,768 | INFO    |   Est.   40: 2010-02-05 -> 2026-03-18 |  92.2% con dato | 1989 duplicados
2026-08-26 20:24:47,929 | INFO    |   Est.   41: 2010-01-28 -> 2026-03-18 |  92.7% con dato | 1991 duplicados
2026-08-26 20:24:48,095 | INFO    |   Est.   42: 2010-02-05 -> 2026-03-18 |  88.9% con dato | 1991 duplicados
2026-08-26 20:24:48,239 | INFO    |   Est.   43: 2010-05-03 -> 2026-03-18 |  86.2% con dato | 1991 duplicados
2026-08-26 20:24:48,389 | INFO    |   Est.   44: 2010-04-19 -> 2026-03-18 |  83.2% con dato | 1991 duplicados
2026-08-26 20:24:48,530 | INFO    |   Est.   45: 2010-05-05 -> 2026-03-18 |  88.0% con dato | 1991 duplicados
2026-08-26 20:24:48,657 | INFO    |   Est.   46: 2010-04-28 -> 2025-05-06 |  92.9% con dato | 966 duplicados
2026-08-26 20:24:48,808 | INFO    |   Est.   47: 2010-05-03 -> 2026-03-18 |  81.9% con dato | 1991 duplicados
2026-08-26 20:24:48,960 | INFO    |   Est.   48: 2010-05-14 -> 2026-03-18 |  93.3% con dato | 1972 duplicados
2026-08-26 20:24:49,093 | INFO    |   Est.   49: 2010-09-08 -> 2026-03-18 |  85.3% con dato | 1991 duplicados
2026-08-26 20:24:49,244 | INFO    |   Est.   50: 2011-02-09 -> 2026-03-18 |  88.9% con dato | 1991 duplicados
2026-08-26 20:24:49,393 | INFO    |   Est.   51: 2011-01-17 -> 2026-03-18 |  87.8% con dato | 1972 duplicados
2026-08-26 20:24:49,527 | INFO    |   Est.   52: 2011-03-01 -> 2026-03-18 |  79.8% con dato | 1991 duplicados
2026-08-26 20:24:49,672 | INFO    |   Est.   53: 2011-01-11 -> 2026-03-18 |  92.8% con dato | 1991 duplicados
2026-08-26 20:24:49,806 | INFO    |   Est.   54: 2010-12-27 -> 2026-03-18 |  92.2% con dato | 1991 duplicados
2026-08-26 20:24:49,952 | INFO    |   Est.   55: 2010-11-04 -> 2026-03-18 |  82.7% con dato | 1991 duplicados
2026-08-26 20:24:50,092 | INFO    |   Est.   56: 2012-06-14 -> 2026-03-18 |  92.6% con dato | 1991 duplicados
2026-08-26 20:24:50,218 | INFO    |   Est.   57: 2012-03-23 -> 2026-03-18 |  89.5% con dato | 1985 duplicados
2026-08-26 20:24:50,359 | INFO    |   Est.   58: 2012-03-23 -> 2026-03-18 |  88.9% con dato | 1990 duplicados
2026-08-26 20:24:50,513 | INFO    |   Est.   60: 2012-01-01 -> 2026-03-18 |  89.7% con dato | 1991 duplicados
2026-08-26 20:24:50,652 | INFO    |   Est.   61: 2012-03-20 -> 2026-03-18 |  89.9% con dato | 1991 duplicados
2026-08-26 20:24:50,787 | INFO    |   Est.   62: 2012-03-07 -> 2026-03-18 |  88.8% con dato | 1900 duplicados
2026-08-26 20:24:50,923 | INFO    |   Est.   64: 2012-09-05 -> 2026-03-07 |  87.3% con dato | 1991 duplicados
2026-08-26 20:24:51,060 | INFO    |   Est.   65: 2012-08-09 -> 2026-03-18 |  90.5% con dato | 1990 duplicados
2026-08-26 20:24:51,183 | INFO    |   Est.   66: 2012-06-06 -> 2026-03-18 |  91.6% con dato | 1991 duplicados
2026-08-26 20:24:51,312 | INFO    |   Est.   70: 2012-06-25 -> 2026-03-18 |  93.8% con dato | 1972 duplicados
2026-08-26 20:24:51,438 | INFO    |   Est.   71: 2013-02-28 -> 2026-03-18 |  95.0% con dato | 1991 duplicados
2026-08-26 20:24:51,559 | INFO    |   Est.   72: 2012-06-25 -> 2026-03-18 |  91.0% con dato | 1991 duplicados
2026-08-26 20:24:51,667 | INFO    |   Est.   74: 2013-05-27 -> 2026-03-18 |  95.3% con dato | 1991 duplicados
2026-08-26 20:24:51,782 | INFO    |   Est.   76: 2013-07-02 -> 2026-03-18 |  94.8% con dato | 1991 duplicados
2026-08-26 20:24:51,915 | INFO    |   Est.   81: 2013-06-28 -> 2026-03-18 |  97.4% con dato | 1991 duplicados
2026-08-26 20:24:52,022 | INFO    |   Est.   88: 2013-11-14 -> 2026-03-18 |  93.4% con dato | 1991 duplicados
2026-08-26 20:24:52,117 | INFO    |   Est.   89: 2013-11-14 -> 2025-05-06 |  95.5% con dato | 525 duplicados
2026-08-26 20:24:52,231 | INFO    |   Est.  121: 2014-11-26 -> 2026-03-18 |  96.8% con dato | 1991 duplicados
2026-08-26 20:24:52,355 | INFO    |   Est.  127: 2015-04-10 -> 2026-03-18 |  92.8% con dato | 1990 duplicados
2026-08-26 20:24:52,460 | INFO    |   Est.  129: 2015-04-23 -> 2026-03-18 |  94.6% con dato | 1991 duplicados
2026-08-26 20:24:52,601 | INFO    |   Est.  146: 2015-08-18 -> 2026-03-18 |  95.8% con dato | 1991 duplicados
2026-08-26 20:24:52,693 | INFO    |   Est.  154: 2015-09-17 -> 2026-03-18 |  83.7% con dato | 1972 duplicados
2026-08-26 20:24:52,800 | INFO    |   Est.  171: 2016-01-01 -> 2026-03-18 |  80.4% con dato | 1979 duplicados
2026-08-26 20:24:52,903 | INFO    |   Est.  184: 2016-01-01 -> 2026-03-18 |  84.2% con dato | 1991 duplicados
2026-08-26 20:24:52,978 | INFO    |   Est.  189: 2018-08-18 -> 2025-03-30 |  95.5% con dato | 1 duplicados
2026-08-26 20:24:53,075 | INFO    |   Est.  193: 2017-07-18 -> 2026-03-18 |  97.6% con dato | 1991 duplicados
2026-08-26 20:24:53,209 | INFO    |   Est.  211: 2012-12-10 -> 2026-03-18 |  93.5% con dato | 1991 duplicados
2026-08-26 20:24:53,313 | INFO    |   Est.  230: 2017-08-31 -> 2026-03-18 |  97.2% con dato | 1991 duplicados
2026-08-26 20:24:53,400 | INFO    |   Est.  234: 2017-09-18 -> 2026-03-18 |  98.0% con dato | 1991 duplicados
2026-08-26 20:24:53,473 | INFO    |   Est.  241: 2017-10-20 -> 2026-03-18 |  91.7% con dato | 1991 duplicados
2026-08-26 20:24:53,567 | INFO    |   Est.  242: 2017-10-20 -> 2026-03-18 |  98.4% con dato | 1991 duplicados
2026-08-26 20:24:53,662 | INFO    |   Est.  244: 2017-10-28 -> 2026-03-18 |  97.4% con dato | 1991 duplicados
2026-08-26 20:24:53,787 | INFO    |   Est.  248: 2017-11-05 -> 2026-03-19 |  96.8% con dato | 0 duplicados
2026-08-26 20:24:53,870 | INFO    |   Est.  253: 2017-11-14 -> 2026-03-18 |  96.6% con dato | 1991 duplicados
2026-08-26 20:24:53,974 | INFO    |   Est.  261: 2017-12-01 -> 2026-03-18 |  95.4% con dato | 1991 duplicados
2026-08-26 20:24:54,066 | INFO    |   Est.  266: 2017-12-19 -> 2025-04-02 |  91.1% con dato | 1 duplicados
2026-08-26 20:24:54,164 | INFO    |   Est.  267: 2017-12-18 -> 2026-03-18 |  97.2% con dato | 1991 duplicados
2026-08-26 20:24:54,257 | INFO    |   Est.  274: 2018-01-19 -> 2026-03-18 |  98.4% con dato | 1991 duplicados
2026-08-26 20:24:54,335 | INFO    |   Est.  275: 2018-01-16 -> 2026-03-18 |  91.7% con dato | 1628 duplicados
2026-08-26 20:24:54,424 | INFO    |   Est.  278: 2018-01-31 -> 2026-03-18 |  96.0% con dato | 1991 duplicados
2026-08-26 20:24:54,504 | INFO    |   Est.  281: 2018-02-15 -> 2026-03-18 |  98.8% con dato | 1991 duplicados
2026-08-26 20:24:54,588 | INFO    |   Est.  288: 2018-03-21 -> 2026-03-18 |  97.1% con dato | 1991 duplicados
2026-08-26 20:24:54,682 | INFO    |   Est.  289: 2018-03-22 -> 2026-03-18 |  95.7% con dato | 1991 duplicados
2026-08-26 20:24:54,786 | INFO    |   Est.  295: 2018-04-23 -> 2026-03-18 |  95.3% con dato | 1991 duplicados
2026-08-26 20:24:54,872 | INFO    |   Est.  311: 2018-06-05 -> 2026-03-18 |  61.2% con dato | 1991 duplicados
2026-08-26 20:24:54,967 | INFO    |   Est.  320: 2018-06-27 -> 2026-03-18 |  97.0% con dato | 1991 duplicados
2026-08-26 20:24:55,056 | INFO    |   Est.  323: 2018-07-17 -> 2026-03-18 |  96.1% con dato | 1980 duplicados
2026-08-26 20:24:55,152 | INFO    |   Est.  324: 2018-07-17 -> 2026-03-18 |  95.1% con dato | 1991 duplicados
2026-08-26 20:24:55,218 | INFO    |   Est.  328: 2018-08-09 -> 2026-03-18 |  96.9% con dato | 1991 duplicados
2026-08-26 20:24:55,328 | INFO    |   Est.  334: 2018-09-18 -> 2026-03-18 |  96.0% con dato | 1991 duplicados
2026-08-26 20:24:55,397 | INFO    |   Est.  339: 2019-01-04 -> 2026-03-18 |  94.7% con dato | 1991 duplicados
2026-08-26 20:24:55,468 | INFO    |   Est.  352: 2019-02-01 -> 2026-03-18 |  97.7% con dato | 1991 duplicados
2026-08-26 20:24:55,542 | INFO    |   Est.  353: 2019-02-01 -> 2026-03-18 |  93.4% con dato | 1989 duplicados
2026-08-26 20:24:55,612 | INFO    |   Est.  356: 2019-03-18 -> 2026-03-18 |  98.3% con dato | 1989 duplicados
2026-08-26 20:24:55,682 | INFO    |   Est.  373: 2019-05-08 -> 2026-03-18 |  94.5% con dato | 1991 duplicados
2026-08-26 20:24:55,764 | INFO    |   Est.  376: 2019-05-15 -> 2026-03-18 |  98.0% con dato | 1991 duplicados
2026-08-26 20:24:55,847 | INFO    |   Est.  378: 2019-06-04 -> 2026-03-18 |  92.6% con dato | 1984 duplicados
2026-08-26 20:24:55,930 | INFO    |   Est.  383: 2019-06-14 -> 2026-03-18 |  96.6% con dato | 1991 duplicados
2026-08-26 20:24:55,995 | INFO    |   Est.  389: 2019-08-09 -> 2026-03-18 |  95.3% con dato | 1860 duplicados
2026-08-26 20:24:56,066 | INFO    |   Est.  392: 2019-09-09 -> 2026-03-18 |  96.7% con dato | 1991 duplicados
2026-08-26 20:24:56,143 | INFO    |   Est.  393: 2019-09-20 -> 2026-03-18 |  98.5% con dato | 1991 duplicados
2026-08-26 20:24:56,219 | INFO    |   Est.  394: 2019-09-20 -> 2026-03-18 |  95.9% con dato | 1991 duplicados
2026-08-26 20:24:56,317 | INFO    |   Est.  395: 2019-09-24 -> 2026-03-18 |  97.8% con dato | 1991 duplicados
2026-08-26 20:24:56,398 | INFO    |   Est.  418: 2019-12-26 -> 2026-03-18 |  94.9% con dato | 1991 duplicados
2026-08-26 20:24:56,468 | INFO    |   Est.  420: 2019-12-26 -> 2026-03-18 |  95.8% con dato | 1991 duplicados
2026-08-26 20:24:56,523 | INFO    |   Est.  421: 2020-01-14 -> 2026-03-18 |  98.4% con dato | 1991 duplicados
2026-08-26 20:24:56,592 | INFO    |   Est.  429: 2020-02-21 -> 2026-03-18 |  98.2% con dato | 1991 duplicados
2026-08-26 20:24:56,653 | INFO    |   Est.  432: 2020-02-27 -> 2026-03-18 |  98.5% con dato | 1990 duplicados
2026-08-26 20:24:56,732 | INFO    |   Est.  433: 2020-02-28 -> 2026-03-18 |  94.9% con dato | 1991 duplicados
2026-08-26 20:24:56,802 | INFO    |   Est.  434: 2020-03-03 -> 2026-03-18 |  97.8% con dato | 1991 duplicados
2026-08-26 20:24:56,873 | INFO    |   Est.  437: 2020-03-31 -> 2026-03-18 |  98.9% con dato | 1991 duplicados
2026-08-26 20:24:56,942 | INFO    |   Est.  445: 2020-05-11 -> 2026-03-18 |  87.6% con dato | 1991 duplicados
2026-08-26 20:24:57,000 | INFO    |   Est.  446: 2020-05-08 -> 2026-03-18 |  86.2% con dato | 1991 duplicados
2026-08-26 20:24:57,066 | INFO    |   Est.  447: 2020-05-11 -> 2026-03-18 |  98.9% con dato | 1991 duplicados
2026-08-26 20:24:57,140 | INFO    |   Est.  451: 2020-07-03 -> 2026-03-18 |  98.2% con dato | 1972 duplicados
2026-08-26 20:24:57,194 | INFO    |   Est.  456: 2020-07-31 -> 2026-03-18 |  96.5% con dato | 1991 duplicados
2026-08-26 20:24:57,253 | INFO    |   Est.  457: 2020-09-08 -> 2026-03-18 |  94.5% con dato | 1991 duplicados
2026-08-26 20:24:57,309 | INFO    |   Est.  481: 2020-12-18 -> 2026-03-18 |  97.8% con dato | 1991 duplicados
2026-08-26 20:24:57,381 | INFO    |   Est.  499: 2021-02-16 -> 2026-03-18 |  97.5% con dato | 1991 duplicados
2026-08-26 20:24:57,443 | INFO    |   Est.  515: 2021-03-12 -> 2026-03-18 |  97.4% con dato | 1990 duplicados
2026-08-26 20:24:57,510 | INFO    |   Est.  519: 2021-03-19 -> 2026-03-18 |  97.8% con dato | 1991 duplicados
2026-08-26 20:24:57,603 | INFO    |   Est.  539: 2021-06-24 -> 2026-03-18 |  92.0% con dato | 1991 duplicados
2026-08-26 20:24:57,675 | INFO    |   Est.  540: 2021-06-11 -> 2026-03-18 |  92.7% con dato | 1972 duplicados
2026-08-26 20:24:57,720 | INFO    |   Est.  543: 2021-06-29 -> 2026-03-18 |  98.6% con dato | 1989 duplicados
2026-08-26 20:24:57,781 | INFO    |   Est.  551: 2021-09-02 -> 2026-03-18 |  99.5% con dato | 1991 duplicados
2026-08-26 20:24:57,823 | INFO    |   Est.  558: 2021-09-29 -> 2026-03-18 |  99.3% con dato | 1989 duplicados
2026-08-26 20:24:57,885 | INFO    |   Est.  601: 2022-05-03 -> 2026-03-18 |  97.6% con dato | 1991 duplicados
2026-08-26 20:24:57,944 | INFO    |   Est.  607: 2022-06-08 -> 2026-03-18 |  95.5% con dato | 1990 duplicados
2026-08-26 20:24:57,993 | INFO    |   Est.  612: 2022-06-21 -> 2025-07-03 |  99.2% con dato | 1311 duplicados
2026-08-26 20:24:58,047 | INFO    |   Est.  619: 2022-06-29 -> 2025-05-06 |  94.4% con dato | 966 duplicados
2026-08-26 20:24:58,104 | INFO    |   Est.  636: 2022-11-16 -> 2026-03-18 |  98.7% con dato | 1991 duplicados
2026-08-26 20:24:58,105 | INFO    | Pluviómetros con serie: 143
2026-08-26 20:24:58,506 | INFO    | Pluviómetros con fechas candidatas: 143
2026-08-26 20:24:59,455 | INFO    | === sweep MC 1/10 | seed=100 ===
2026-08-26 20:25:02,534 | INFO    |   obs tras filtro húmedo: 1313 (SI=390)
2026-08-26 20:25:18,184 | INFO    | === sweep MC 2/10 | seed=101 ===
2026-08-26 20:25:20,927 | INFO    |   obs tras filtro húmedo: 1319 (SI=390)
2026-08-26 20:25:36,621 | INFO    | === sweep MC 3/10 | seed=102 ===
2026-08-26 20:25:39,422 | INFO    |   obs tras filtro húmedo: 1304 (SI=390)
2026-08-26 20:25:52,993 | INFO    | === sweep MC 4/10 | seed=103 ===
2026-08-26 20:25:55,764 | INFO    |   obs tras filtro húmedo: 1310 (SI=390)
2026-08-26 20:26:09,737 | INFO    | === sweep MC 5/10 | seed=104 ===
2026-08-26 20:26:12,493 | INFO    |   obs tras filtro húmedo: 1307 (SI=390)
2026-08-26 20:26:25,734 | INFO    | === sweep MC 6/10 | seed=105 ===
2026-08-26 20:26:28,481 | INFO    |   obs tras filtro húmedo: 1313 (SI=390)
2026-08-26 20:26:42,484 | INFO    | === sweep MC 7/10 | seed=106 ===
2026-08-26 20:26:45,209 | INFO    |   obs tras filtro húmedo: 1302 (SI=390)
2026-08-26 20:26:58,109 | INFO    | === sweep MC 8/10 | seed=107 ===
2026-08-26 20:27:00,838 | INFO    |   obs tras filtro húmedo: 1308 (SI=390)
2026-08-26 20:27:15,497 | INFO    | === sweep MC 9/10 | seed=108 ===
2026-08-26 20:27:18,231 | INFO    |   obs tras filtro húmedo: 1317 (SI=390)
2026-08-26 20:27:33,312 | INFO    | === sweep MC 10/10 | seed=109 ===
2026-08-26 20:27:36,111 | INFO    |   obs tras filtro húmedo: 1320 (SI=390)
2026-08-26 20:27:51,413 | INFO    | TOP 10 combinaciones por MEDIANA de AUROC:
 T_days  P_days   median     mean      std  count
      1      33 0.953534 0.951658 0.007698     10
      1      35 0.952827 0.951400 0.007813     10
      1      37 0.952579 0.951064 0.007493     10
      1      34 0.952371 0.951287 0.007638     10
      1      17 0.952238 0.950002 0.007744     10
      1      32 0.952227 0.950994 0.007212     10
      1       9 0.952058 0.949438 0.008135     10
      1      36 0.951818 0.950659 0.007856     10
      1      31 0.951814 0.951252 0.007517     10
      1      30 0.951814 0.950776 0.007534     10
2026-08-26 20:27:51,413 | INFO    | === window_search LISTO ===
2026-08-26 20:30:25,343 | INFO    | ======================================================================
2026-08-26 20:30:25,343 | INFO    | INICIO window_search: 2026-08-26T20:30:25
2026-08-26 20:30:59,814 | INFO    | Slope units: 61167 | filas evento: 492
2026-08-26 20:30:59,965 | INFO    |   Est.    1: 2010-01-12 -> 2026-03-18 |  94.0% con dato | 1985 duplicados
2026-08-26 20:31:00,081 | INFO    |   Est.    2: 2010-01-01 -> 2026-03-18 |  90.7% con dato | 249 duplicados
2026-08-26 20:31:00,205 | INFO    |   Est.    3: 2010-01-01 -> 2026-03-18 |  89.5% con dato | 1991 duplicados
2026-08-26 20:31:00,326 | INFO    |   Est.    4: 2010-01-01 -> 2026-03-18 |  84.2% con dato | 1972 duplicados
2026-08-26 20:31:00,450 | INFO    |   Est.    5: 2010-01-01 -> 2026-03-18 |  95.7% con dato | 1991 duplicados
2026-08-26 20:31:00,576 | INFO    |   Est.    7: 2010-01-01 -> 2026-03-18 |  90.6% con dato | 1991 duplicados
2026-08-26 20:31:00,696 | INFO    |   Est.    8: 2010-01-01 -> 2026-03-18 |  89.8% con dato | 1980 duplicados
2026-08-26 20:31:00,817 | INFO    |   Est.    9: 2010-01-01 -> 2026-03-18 |  90.4% con dato | 1990 duplicados
2026-08-26 20:31:00,938 | INFO    |   Est.   10: 2010-01-01 -> 2026-03-18 |  90.8% con dato | 1990 duplicados
2026-08-26 20:31:01,061 | INFO    |   Est.   11: 2010-01-04 -> 2026-03-18 |  89.4% con dato | 1991 duplicados
2026-08-26 20:31:01,183 | INFO    |   Est.   12: 2010-01-01 -> 2026-03-18 |  91.8% con dato | 1972 duplicados
2026-08-26 20:31:01,307 | INFO    |   Est.   14: 2010-01-01 -> 2026-03-18 |  89.7% con dato | 1991 duplicados
2026-08-26 20:31:01,435 | INFO    |   Est.   15: 2010-01-01 -> 2026-03-18 |  92.8% con dato | 1991 duplicados
2026-08-26 20:31:01,560 | INFO    |   Est.   16: 2010-01-01 -> 2026-03-18 |  92.0% con dato | 1991 duplicados
2026-08-26 20:31:01,698 | INFO    |   Est.   17: 2010-01-28 -> 2026-03-18 |  93.5% con dato | 1991 duplicados
2026-08-26 20:31:01,833 | INFO    |   Est.   18: 2010-01-11 -> 2026-03-18 |  91.1% con dato | 1991 duplicados
2026-08-26 20:31:01,958 | INFO    |   Est.   19: 2010-01-11 -> 2026-03-18 |  93.5% con dato | 1991 duplicados
2026-08-26 20:31:02,099 | INFO    |   Est.   20: 2010-01-12 -> 2026-03-18 |  88.5% con dato | 1991 duplicados
2026-08-26 20:31:02,246 | INFO    |   Est.   21: 2010-01-11 -> 2026-03-18 |  91.3% con dato | 1990 duplicados
2026-08-26 20:31:02,397 | INFO    |   Est.   22: 2010-01-14 -> 2026-03-18 |  91.0% con dato | 1991 duplicados
2026-08-26 20:31:02,527 | INFO    |   Est.   23: 2010-01-10 -> 2026-03-18 |  93.5% con dato | 1973 duplicados
2026-08-26 20:31:02,679 | INFO    |   Est.   24: 2010-01-18 -> 2026-03-18 |  92.4% con dato | 1991 duplicados
2026-08-26 20:31:02,791 | INFO    |   Est.   25: 2010-01-18 -> 2026-01-07 |  77.2% con dato | 1 duplicados
2026-08-26 20:31:02,941 | INFO    |   Est.   26: 2010-01-04 -> 2026-03-18 |  83.2% con dato | 1990 duplicados
2026-08-26 20:31:03,083 | INFO    |   Est.   27: 2010-01-18 -> 2024-07-12 |  82.7% con dato | 0 duplicados
2026-08-26 20:31:03,213 | INFO    |   Est.   28: 2010-01-18 -> 2026-03-18 |  86.4% con dato | 1991 duplicados
2026-08-26 20:31:03,401 | INFO    |   Est.   29: 2010-01-18 -> 2026-03-18 |  91.9% con dato | 1991 duplicados
2026-08-26 20:31:03,530 | INFO    |   Est.   30: 2010-01-01 -> 2026-03-18 |  90.4% con dato | 1991 duplicados
2026-08-26 20:31:03,715 | INFO    |   Est.   31: 2010-01-06 -> 2026-03-18 |  87.5% con dato | 1991 duplicados
2026-08-26 20:31:03,883 | INFO    |   Est.   32: 2010-01-06 -> 2026-03-18 |  86.0% con dato | 1991 duplicados
2026-08-26 20:31:04,001 | INFO    |   Est.   33: 2010-01-28 -> 2026-03-18 |  87.2% con dato | 1991 duplicados
2026-08-26 20:31:04,122 | INFO    |   Est.   34: 2010-01-10 -> 2026-03-18 |  88.7% con dato | 1991 duplicados
2026-08-26 20:31:04,278 | INFO    |   Est.   35: 2010-01-28 -> 2026-03-18 |  93.8% con dato | 1991 duplicados
2026-08-26 20:31:04,397 | INFO    |   Est.   36: 2010-03-26 -> 2026-03-18 |  92.6% con dato | 1991 duplicados
2026-08-26 20:31:04,554 | INFO    |   Est.   37: 2010-01-28 -> 2026-03-18 |  89.5% con dato | 1991 duplicados
2026-08-26 20:31:04,700 | INFO    |   Est.   39: 2010-01-28 -> 2026-03-18 |  91.0% con dato | 1991 duplicados
2026-08-26 20:31:04,829 | INFO    |   Est.   40: 2010-02-05 -> 2026-03-18 |  92.2% con dato | 1989 duplicados
2026-08-26 20:31:04,972 | INFO    |   Est.   41: 2010-01-28 -> 2026-03-18 |  92.7% con dato | 1991 duplicados
2026-08-26 20:31:05,107 | INFO    |   Est.   42: 2010-02-05 -> 2026-03-18 |  88.9% con dato | 1991 duplicados
2026-08-26 20:31:05,229 | INFO    |   Est.   43: 2010-05-03 -> 2026-03-18 |  86.2% con dato | 1991 duplicados
2026-08-26 20:31:05,373 | INFO    |   Est.   44: 2010-04-19 -> 2026-03-18 |  83.2% con dato | 1991 duplicados
2026-08-26 20:31:05,521 | INFO    |   Est.   45: 2010-05-05 -> 2026-03-18 |  88.0% con dato | 1991 duplicados
2026-08-26 20:31:05,645 | INFO    |   Est.   46: 2010-04-28 -> 2025-05-06 |  92.9% con dato | 966 duplicados
2026-08-26 20:31:05,792 | INFO    |   Est.   47: 2010-05-03 -> 2026-03-18 |  81.9% con dato | 1991 duplicados
2026-08-26 20:31:05,954 | INFO    |   Est.   48: 2010-05-14 -> 2026-03-18 |  93.3% con dato | 1972 duplicados
2026-08-26 20:31:06,102 | INFO    |   Est.   49: 2010-09-08 -> 2026-03-18 |  85.3% con dato | 1991 duplicados
2026-08-26 20:31:06,213 | INFO    |   Est.   50: 2011-02-09 -> 2026-03-18 |  88.9% con dato | 1991 duplicados
2026-08-26 20:31:06,369 | INFO    |   Est.   51: 2011-01-17 -> 2026-03-18 |  87.8% con dato | 1972 duplicados
2026-08-26 20:31:06,479 | INFO    |   Est.   52: 2011-03-01 -> 2026-03-18 |  79.8% con dato | 1991 duplicados
2026-08-26 20:31:06,633 | INFO    |   Est.   53: 2011-01-11 -> 2026-03-18 |  92.8% con dato | 1991 duplicados
2026-08-26 20:31:06,769 | INFO    |   Est.   54: 2010-12-27 -> 2026-03-18 |  92.2% con dato | 1991 duplicados
2026-08-26 20:31:06,940 | INFO    |   Est.   55: 2010-11-04 -> 2026-03-18 |  82.7% con dato | 1991 duplicados
2026-08-26 20:31:07,083 | INFO    |   Est.   56: 2012-06-14 -> 2026-03-18 |  92.6% con dato | 1991 duplicados
2026-08-26 20:31:07,186 | INFO    |   Est.   57: 2012-03-23 -> 2026-03-18 |  89.5% con dato | 1985 duplicados
2026-08-26 20:31:07,293 | INFO    |   Est.   58: 2012-03-23 -> 2026-03-18 |  88.9% con dato | 1990 duplicados
2026-08-26 20:31:07,401 | INFO    |   Est.   60: 2012-01-01 -> 2026-03-18 |  89.7% con dato | 1991 duplicados
2026-08-26 20:31:07,515 | INFO    |   Est.   61: 2012-03-20 -> 2026-03-18 |  89.9% con dato | 1991 duplicados
2026-08-26 20:31:07,620 | INFO    |   Est.   62: 2012-03-07 -> 2026-03-18 |  88.8% con dato | 1900 duplicados
2026-08-26 20:31:07,721 | INFO    |   Est.   64: 2012-09-05 -> 2026-03-07 |  87.3% con dato | 1991 duplicados
2026-08-26 20:31:07,823 | INFO    |   Est.   65: 2012-08-09 -> 2026-03-18 |  90.5% con dato | 1990 duplicados
2026-08-26 20:31:07,921 | INFO    |   Est.   66: 2012-06-06 -> 2026-03-18 |  91.6% con dato | 1991 duplicados
2026-08-26 20:31:08,024 | INFO    |   Est.   70: 2012-06-25 -> 2026-03-18 |  93.8% con dato | 1972 duplicados
2026-08-26 20:31:08,122 | INFO    |   Est.   71: 2013-02-28 -> 2026-03-18 |  95.0% con dato | 1991 duplicados
2026-08-26 20:31:08,224 | INFO    |   Est.   72: 2012-06-25 -> 2026-03-18 |  91.0% con dato | 1991 duplicados
2026-08-26 20:31:08,318 | INFO    |   Est.   74: 2013-05-27 -> 2026-03-18 |  95.3% con dato | 1991 duplicados
2026-08-26 20:31:08,417 | INFO    |   Est.   76: 2013-07-02 -> 2026-03-18 |  94.8% con dato | 1991 duplicados
2026-08-26 20:31:08,511 | INFO    |   Est.   81: 2013-06-28 -> 2026-03-18 |  97.4% con dato | 1991 duplicados
2026-08-26 20:31:08,604 | INFO    |   Est.   88: 2013-11-14 -> 2026-03-18 |  93.4% con dato | 1991 duplicados
2026-08-26 20:31:08,685 | INFO    |   Est.   89: 2013-11-14 -> 2025-05-06 |  95.5% con dato | 525 duplicados
2026-08-26 20:31:08,765 | INFO    |   Est.  121: 2014-11-26 -> 2026-03-18 |  96.8% con dato | 1991 duplicados
2026-08-26 20:31:08,849 | INFO    |   Est.  127: 2015-04-10 -> 2026-03-18 |  92.8% con dato | 1990 duplicados
2026-08-26 20:31:08,928 | INFO    |   Est.  129: 2015-04-23 -> 2026-03-18 |  94.6% con dato | 1991 duplicados
2026-08-26 20:31:09,003 | INFO    |   Est.  146: 2015-08-18 -> 2026-03-18 |  95.8% con dato | 1991 duplicados
2026-08-26 20:31:09,076 | INFO    |   Est.  154: 2015-09-17 -> 2026-03-18 |  83.7% con dato | 1972 duplicados
2026-08-26 20:31:09,148 | INFO    |   Est.  171: 2016-01-01 -> 2026-03-18 |  80.4% con dato | 1979 duplicados
2026-08-26 20:31:09,222 | INFO    |   Est.  184: 2016-01-01 -> 2026-03-18 |  84.2% con dato | 1991 duplicados
2026-08-26 20:31:09,264 | INFO    |   Est.  189: 2018-08-18 -> 2025-03-30 |  95.5% con dato | 1 duplicados
2026-08-26 20:31:09,329 | INFO    |   Est.  193: 2017-07-18 -> 2026-03-18 |  97.6% con dato | 1991 duplicados
2026-08-26 20:31:09,429 | INFO    |   Est.  211: 2012-12-10 -> 2026-03-18 |  93.5% con dato | 1991 duplicados
2026-08-26 20:31:09,493 | INFO    |   Est.  230: 2017-08-31 -> 2026-03-18 |  97.2% con dato | 1991 duplicados
2026-08-26 20:31:09,555 | INFO    |   Est.  234: 2017-09-18 -> 2026-03-18 |  98.0% con dato | 1991 duplicados
2026-08-26 20:31:09,614 | INFO    |   Est.  241: 2017-10-20 -> 2026-03-18 |  91.7% con dato | 1991 duplicados
2026-08-26 20:31:09,675 | INFO    |   Est.  242: 2017-10-20 -> 2026-03-18 |  98.4% con dato | 1991 duplicados
2026-08-26 20:31:09,733 | INFO    |   Est.  244: 2017-10-28 -> 2026-03-18 |  97.4% con dato | 1991 duplicados
2026-08-26 20:31:09,789 | INFO    |   Est.  248: 2017-11-05 -> 2026-03-19 |  96.8% con dato | 0 duplicados
2026-08-26 20:31:09,849 | INFO    |   Est.  253: 2017-11-14 -> 2026-03-18 |  96.6% con dato | 1991 duplicados
2026-08-26 20:31:09,913 | INFO    |   Est.  261: 2017-12-01 -> 2026-03-18 |  95.4% con dato | 1991 duplicados
2026-08-26 20:31:09,963 | INFO    |   Est.  266: 2017-12-19 -> 2025-04-02 |  91.1% con dato | 1 duplicados
2026-08-26 20:31:10,023 | INFO    |   Est.  267: 2017-12-18 -> 2026-03-18 |  97.2% con dato | 1991 duplicados
2026-08-26 20:31:10,079 | INFO    |   Est.  274: 2018-01-19 -> 2026-03-18 |  98.4% con dato | 1991 duplicados
2026-08-26 20:31:10,139 | INFO    |   Est.  275: 2018-01-16 -> 2026-03-18 |  91.7% con dato | 1628 duplicados
2026-08-26 20:31:10,198 | INFO    |   Est.  278: 2018-01-31 -> 2026-03-18 |  96.0% con dato | 1991 duplicados
2026-08-26 20:31:10,256 | INFO    |   Est.  281: 2018-02-15 -> 2026-03-18 |  98.8% con dato | 1991 duplicados
2026-08-26 20:31:10,332 | INFO    |   Est.  288: 2018-03-21 -> 2026-03-18 |  97.1% con dato | 1991 duplicados
2026-08-26 20:31:10,392 | INFO    |   Est.  289: 2018-03-22 -> 2026-03-18 |  95.7% con dato | 1991 duplicados
2026-08-26 20:31:10,449 | INFO    |   Est.  295: 2018-04-23 -> 2026-03-18 |  95.3% con dato | 1991 duplicados
2026-08-26 20:31:10,506 | INFO    |   Est.  311: 2018-06-05 -> 2026-03-18 |  61.2% con dato | 1991 duplicados
2026-08-26 20:31:10,561 | INFO    |   Est.  320: 2018-06-27 -> 2026-03-18 |  97.0% con dato | 1991 duplicados
2026-08-26 20:31:10,615 | INFO    |   Est.  323: 2018-07-17 -> 2026-03-18 |  96.1% con dato | 1980 duplicados
2026-08-26 20:31:10,672 | INFO    |   Est.  324: 2018-07-17 -> 2026-03-18 |  95.1% con dato | 1991 duplicados
2026-08-26 20:31:10,725 | INFO    |   Est.  328: 2018-08-09 -> 2026-03-18 |  96.9% con dato | 1991 duplicados
2026-08-26 20:31:10,781 | INFO    |   Est.  334: 2018-09-18 -> 2026-03-18 |  96.0% con dato | 1991 duplicados
2026-08-26 20:31:10,833 | INFO    |   Est.  339: 2019-01-04 -> 2026-03-18 |  94.7% con dato | 1991 duplicados
2026-08-26 20:31:10,886 | INFO    |   Est.  352: 2019-02-01 -> 2026-03-18 |  97.7% con dato | 1991 duplicados
2026-08-26 20:31:10,938 | INFO    |   Est.  353: 2019-02-01 -> 2026-03-18 |  93.4% con dato | 1989 duplicados
2026-08-26 20:31:10,995 | INFO    |   Est.  356: 2019-03-18 -> 2026-03-18 |  98.3% con dato | 1989 duplicados
2026-08-26 20:31:11,044 | INFO    |   Est.  373: 2019-05-08 -> 2026-03-18 |  94.5% con dato | 1991 duplicados
2026-08-26 20:31:11,094 | INFO    |   Est.  376: 2019-05-15 -> 2026-03-18 |  98.0% con dato | 1991 duplicados
2026-08-26 20:31:11,144 | INFO    |   Est.  378: 2019-06-04 -> 2026-03-18 |  92.6% con dato | 1984 duplicados
2026-08-26 20:31:11,193 | INFO    |   Est.  383: 2019-06-14 -> 2026-03-18 |  96.6% con dato | 1991 duplicados
2026-08-26 20:31:11,240 | INFO    |   Est.  389: 2019-08-09 -> 2026-03-18 |  95.3% con dato | 1860 duplicados
2026-08-26 20:31:11,286 | INFO    |   Est.  392: 2019-09-09 -> 2026-03-18 |  96.7% con dato | 1991 duplicados
2026-08-26 20:31:11,330 | INFO    |   Est.  393: 2019-09-20 -> 2026-03-18 |  98.5% con dato | 1991 duplicados
2026-08-26 20:31:11,377 | INFO    |   Est.  394: 2019-09-20 -> 2026-03-18 |  95.9% con dato | 1991 duplicados
2026-08-26 20:31:11,421 | INFO    |   Est.  395: 2019-09-24 -> 2026-03-18 |  97.8% con dato | 1991 duplicados
2026-08-26 20:31:11,464 | INFO    |   Est.  418: 2019-12-26 -> 2026-03-18 |  94.9% con dato | 1991 duplicados
2026-08-26 20:31:11,509 | INFO    |   Est.  420: 2019-12-26 -> 2026-03-18 |  95.8% con dato | 1991 duplicados
2026-08-26 20:31:11,554 | INFO    |   Est.  421: 2020-01-14 -> 2026-03-18 |  98.4% con dato | 1991 duplicados
2026-08-26 20:31:11,599 | INFO    |   Est.  429: 2020-02-21 -> 2026-03-18 |  98.2% con dato | 1991 duplicados
2026-08-26 20:31:11,641 | INFO    |   Est.  432: 2020-02-27 -> 2026-03-18 |  98.5% con dato | 1990 duplicados
2026-08-26 20:31:11,684 | INFO    |   Est.  433: 2020-02-28 -> 2026-03-18 |  94.9% con dato | 1991 duplicados
2026-08-26 20:31:11,728 | INFO    |   Est.  434: 2020-03-03 -> 2026-03-18 |  97.8% con dato | 1991 duplicados
2026-08-26 20:31:11,770 | INFO    |   Est.  437: 2020-03-31 -> 2026-03-18 |  98.9% con dato | 1991 duplicados
2026-08-26 20:31:11,811 | INFO    |   Est.  445: 2020-05-11 -> 2026-03-18 |  87.6% con dato | 1991 duplicados
2026-08-26 20:31:11,856 | INFO    |   Est.  446: 2020-05-08 -> 2026-03-18 |  86.2% con dato | 1991 duplicados
2026-08-26 20:31:11,897 | INFO    |   Est.  447: 2020-05-11 -> 2026-03-18 |  98.9% con dato | 1991 duplicados
2026-08-26 20:31:11,935 | INFO    |   Est.  451: 2020-07-03 -> 2026-03-18 |  98.2% con dato | 1972 duplicados
2026-08-26 20:31:11,975 | INFO    |   Est.  456: 2020-07-31 -> 2026-03-18 |  96.5% con dato | 1991 duplicados
2026-08-26 20:31:12,025 | INFO    |   Est.  457: 2020-09-08 -> 2026-03-18 |  94.5% con dato | 1991 duplicados
2026-08-26 20:31:12,061 | INFO    |   Est.  481: 2020-12-18 -> 2026-03-18 |  97.8% con dato | 1991 duplicados
2026-08-26 20:31:12,102 | INFO    |   Est.  499: 2021-02-16 -> 2026-03-18 |  97.5% con dato | 1991 duplicados
2026-08-26 20:31:12,138 | INFO    |   Est.  515: 2021-03-12 -> 2026-03-18 |  97.4% con dato | 1990 duplicados
2026-08-26 20:31:12,176 | INFO    |   Est.  519: 2021-03-19 -> 2026-03-18 |  97.8% con dato | 1991 duplicados
2026-08-26 20:31:12,213 | INFO    |   Est.  539: 2021-06-24 -> 2026-03-18 |  92.0% con dato | 1991 duplicados
2026-08-26 20:31:12,247 | INFO    |   Est.  540: 2021-06-11 -> 2026-03-18 |  92.7% con dato | 1972 duplicados
2026-08-26 20:31:12,281 | INFO    |   Est.  543: 2021-06-29 -> 2026-03-18 |  98.6% con dato | 1989 duplicados
2026-08-26 20:31:12,315 | INFO    |   Est.  551: 2021-09-02 -> 2026-03-18 |  99.5% con dato | 1991 duplicados
2026-08-26 20:31:12,350 | INFO    |   Est.  558: 2021-09-29 -> 2026-03-18 |  99.3% con dato | 1989 duplicados
2026-08-26 20:31:12,379 | INFO    |   Est.  601: 2022-05-03 -> 2026-03-18 |  97.6% con dato | 1991 duplicados
2026-08-26 20:31:12,408 | INFO    |   Est.  607: 2022-06-08 -> 2026-03-18 |  95.5% con dato | 1990 duplicados
2026-08-26 20:31:12,444 | INFO    |   Est.  612: 2022-06-21 -> 2025-07-03 |  99.2% con dato | 1311 duplicados
2026-08-26 20:31:12,466 | INFO    |   Est.  619: 2022-06-29 -> 2025-05-06 |  94.4% con dato | 966 duplicados
2026-08-26 20:31:12,491 | INFO    |   Est.  636: 2022-11-16 -> 2026-03-18 |  98.7% con dato | 1991 duplicados
2026-08-26 20:31:12,492 | INFO    | Pluviómetros con serie: 143
2026-08-26 20:31:12,866 | INFO    | Pluviómetros con fechas candidatas: 143
2026-08-26 20:31:13,776 | INFO    | === sweep MC 1/100 | seed=100 ===
2026-08-26 20:31:16,661 | INFO    |   obs tras filtro húmedo: 1313 (SI=390)
2026-08-26 20:31:32,374 | INFO    | === sweep MC 2/100 | seed=101 ===
2026-08-26 20:31:35,105 | INFO    |   obs tras filtro húmedo: 1319 (SI=390)
2026-08-26 20:31:51,047 | INFO    | === sweep MC 3/100 | seed=102 ===
2026-08-26 20:31:53,874 | INFO    |   obs tras filtro húmedo: 1304 (SI=390)
2026-08-26 20:32:08,295 | INFO    | === sweep MC 4/100 | seed=103 ===
2026-08-26 20:32:11,205 | INFO    |   obs tras filtro húmedo: 1310 (SI=390)
2026-08-26 20:32:25,686 | INFO    | === sweep MC 5/100 | seed=104 ===
2026-08-26 20:32:28,542 | INFO    |   obs tras filtro húmedo: 1307 (SI=390)
2026-08-26 20:32:42,269 | INFO    | === sweep MC 6/100 | seed=105 ===
2026-08-26 20:32:45,083 | INFO    |   obs tras filtro húmedo: 1313 (SI=390)
2026-08-26 20:32:59,250 | INFO    | === sweep MC 7/100 | seed=106 ===
2026-08-26 20:33:02,181 | INFO    |   obs tras filtro húmedo: 1302 (SI=390)
2026-08-26 20:33:15,531 | INFO    | === sweep MC 8/100 | seed=107 ===
2026-08-26 20:33:18,323 | INFO    |   obs tras filtro húmedo: 1308 (SI=390)
2026-08-26 20:33:33,842 | INFO    | === sweep MC 9/100 | seed=108 ===
2026-08-26 20:33:36,684 | INFO    |   obs tras filtro húmedo: 1317 (SI=390)
2026-08-26 20:33:51,984 | INFO    | === sweep MC 10/100 | seed=109 ===
2026-08-26 20:33:54,832 | INFO    |   obs tras filtro húmedo: 1320 (SI=390)
2026-08-26 20:34:10,147 | INFO    | === sweep MC 11/100 | seed=110 ===
2026-08-26 20:34:12,980 | INFO    |   obs tras filtro húmedo: 1310 (SI=390)
2026-08-26 20:34:27,303 | INFO    | === sweep MC 12/100 | seed=111 ===
2026-08-26 20:34:30,161 | INFO    |   obs tras filtro húmedo: 1316 (SI=390)
2026-08-26 20:34:46,111 | INFO    | === sweep MC 13/100 | seed=112 ===
2026-08-26 20:34:48,869 | INFO    |   obs tras filtro húmedo: 1312 (SI=390)
2026-08-26 20:35:02,998 | INFO    | === sweep MC 14/100 | seed=113 ===
2026-08-26 20:35:05,737 | INFO    |   obs tras filtro húmedo: 1317 (SI=390)
2026-08-26 20:35:23,002 | INFO    | === sweep MC 15/100 | seed=114 ===
2026-08-26 20:35:25,854 | INFO    |   obs tras filtro húmedo: 1315 (SI=390)
2026-08-26 20:35:41,089 | INFO    | === sweep MC 16/100 | seed=115 ===
2026-08-26 20:35:43,849 | INFO    |   obs tras filtro húmedo: 1314 (SI=390)
2026-08-26 20:35:59,655 | INFO    | === sweep MC 17/100 | seed=116 ===
2026-08-26 20:36:02,461 | INFO    |   obs tras filtro húmedo: 1309 (SI=390)
2026-08-26 20:36:17,056 | INFO    | === sweep MC 18/100 | seed=117 ===
2026-08-26 20:36:19,836 | INFO    |   obs tras filtro húmedo: 1308 (SI=390)
2026-08-26 20:36:34,733 | INFO    | === sweep MC 19/100 | seed=118 ===
2026-08-26 20:36:37,477 | INFO    |   obs tras filtro húmedo: 1294 (SI=390)
2026-08-26 20:36:50,124 | INFO    | === sweep MC 20/100 | seed=119 ===
2026-08-26 20:36:52,905 | INFO    |   obs tras filtro húmedo: 1316 (SI=390)
2026-08-26 20:37:08,339 | INFO    | === sweep MC 21/100 | seed=120 ===
2026-08-26 20:37:11,154 | INFO    |   obs tras filtro húmedo: 1325 (SI=390)
2026-08-26 20:37:26,948 | INFO    | === sweep MC 22/100 | seed=121 ===
2026-08-26 20:37:29,719 | INFO    |   obs tras filtro húmedo: 1301 (SI=390)
2026-08-26 20:37:42,512 | INFO    | === sweep MC 23/100 | seed=122 ===
2026-08-26 20:37:45,401 | INFO    |   obs tras filtro húmedo: 1317 (SI=390)
2026-08-26 20:38:01,127 | INFO    | === sweep MC 24/100 | seed=123 ===
2026-08-26 20:38:04,114 | INFO    |   obs tras filtro húmedo: 1318 (SI=390)
2026-08-26 20:38:19,162 | INFO    | === sweep MC 25/100 | seed=124 ===
2026-08-26 20:38:21,852 | INFO    |   obs tras filtro húmedo: 1320 (SI=390)
2026-08-26 20:38:36,946 | INFO    | === sweep MC 26/100 | seed=125 ===
2026-08-26 20:38:39,610 | INFO    |   obs tras filtro húmedo: 1316 (SI=390)
2026-08-26 20:38:54,772 | INFO    | === sweep MC 27/100 | seed=126 ===
2026-08-26 20:38:57,623 | INFO    |   obs tras filtro húmedo: 1321 (SI=390)
2026-08-26 20:39:13,972 | INFO    | === sweep MC 28/100 | seed=127 ===
2026-08-26 20:39:16,782 | INFO    |   obs tras filtro húmedo: 1315 (SI=390)
2026-08-26 20:39:32,659 | INFO    | === sweep MC 29/100 | seed=128 ===
2026-08-26 20:39:35,338 | INFO    |   obs tras filtro húmedo: 1320 (SI=390)
2026-08-26 20:39:50,841 | INFO    | === sweep MC 30/100 | seed=129 ===
2026-08-26 20:39:53,628 | INFO    |   obs tras filtro húmedo: 1328 (SI=390)
2026-08-26 20:40:10,688 | INFO    | === sweep MC 31/100 | seed=130 ===
2026-08-26 20:40:13,496 | INFO    |   obs tras filtro húmedo: 1305 (SI=390)
2026-08-26 20:40:28,111 | INFO    | === sweep MC 32/100 | seed=131 ===
2026-08-26 20:40:30,866 | INFO    |   obs tras filtro húmedo: 1323 (SI=390)
2026-08-26 20:40:46,215 | INFO    | === sweep MC 33/100 | seed=132 ===
2026-08-26 20:40:48,973 | INFO    |   obs tras filtro húmedo: 1307 (SI=390)
2026-08-26 20:41:03,850 | INFO    | === sweep MC 34/100 | seed=133 ===
2026-08-26 20:41:06,567 | INFO    |   obs tras filtro húmedo: 1314 (SI=390)
2026-08-26 20:41:21,047 | INFO    | === sweep MC 35/100 | seed=134 ===
2026-08-26 20:41:23,797 | INFO    |   obs tras filtro húmedo: 1320 (SI=390)
2026-08-26 20:41:39,027 | INFO    | === sweep MC 36/100 | seed=135 ===
2026-08-26 20:41:41,800 | INFO    |   obs tras filtro húmedo: 1309 (SI=390)
2026-08-26 20:41:56,452 | INFO    | === sweep MC 37/100 | seed=136 ===
2026-08-26 20:41:59,212 | INFO    |   obs tras filtro húmedo: 1317 (SI=390)
2026-08-26 20:42:14,634 | INFO    | === sweep MC 38/100 | seed=137 ===
2026-08-26 20:42:17,394 | INFO    |   obs tras filtro húmedo: 1321 (SI=390)
2026-08-26 20:42:32,875 | INFO    | === sweep MC 39/100 | seed=138 ===
2026-08-26 20:42:35,636 | INFO    |   obs tras filtro húmedo: 1320 (SI=390)
2026-08-26 20:42:50,859 | INFO    | === sweep MC 40/100 | seed=139 ===
2026-08-26 20:42:53,624 | INFO    |   obs tras filtro húmedo: 1319 (SI=390)
2026-08-26 20:43:09,209 | INFO    | === sweep MC 41/100 | seed=140 ===
2026-08-26 20:43:12,082 | INFO    |   obs tras filtro húmedo: 1318 (SI=390)
2026-08-26 20:43:25,211 | INFO    | === sweep MC 42/100 | seed=141 ===
2026-08-26 20:43:28,004 | INFO    |   obs tras filtro húmedo: 1306 (SI=390)
2026-08-26 20:43:41,136 | INFO    | === sweep MC 43/100 | seed=142 ===
2026-08-26 20:43:43,892 | INFO    |   obs tras filtro húmedo: 1310 (SI=390)
2026-08-26 20:43:58,174 | INFO    | === sweep MC 44/100 | seed=143 ===
2026-08-26 20:44:00,914 | INFO    |   obs tras filtro húmedo: 1324 (SI=390)
2026-08-26 20:44:16,053 | INFO    | === sweep MC 45/100 | seed=144 ===
2026-08-26 20:44:18,800 | INFO    |   obs tras filtro húmedo: 1311 (SI=390)
2026-08-26 20:44:32,773 | INFO    | === sweep MC 46/100 | seed=145 ===
2026-08-26 20:44:35,522 | INFO    |   obs tras filtro húmedo: 1308 (SI=390)
2026-08-26 20:44:49,938 | INFO    | === sweep MC 47/100 | seed=146 ===
2026-08-26 20:44:52,688 | INFO    |   obs tras filtro húmedo: 1319 (SI=390)
2026-08-26 20:45:07,457 | INFO    | === sweep MC 48/100 | seed=147 ===
2026-08-26 20:45:10,205 | INFO    |   obs tras filtro húmedo: 1319 (SI=390)
2026-08-26 20:45:25,647 | INFO    | === sweep MC 49/100 | seed=148 ===
2026-08-26 20:45:28,396 | INFO    |   obs tras filtro húmedo: 1316 (SI=390)
2026-08-26 20:45:44,076 | INFO    | === sweep MC 50/100 | seed=149 ===
2026-08-26 20:45:46,837 | INFO    |   obs tras filtro húmedo: 1325 (SI=390)
2026-08-26 20:46:03,258 | INFO    | === sweep MC 51/100 | seed=150 ===
2026-08-26 20:46:06,036 | INFO    |   obs tras filtro húmedo: 1316 (SI=390)
2026-08-26 20:46:20,152 | INFO    | === sweep MC 52/100 | seed=151 ===
2026-08-26 20:46:22,895 | INFO    |   obs tras filtro húmedo: 1311 (SI=390)
2026-08-26 20:46:37,822 | INFO    | === sweep MC 53/100 | seed=152 ===
2026-08-26 20:46:40,614 | INFO    |   obs tras filtro húmedo: 1319 (SI=390)
2026-08-26 20:46:56,461 | INFO    | === sweep MC 54/100 | seed=153 ===
2026-08-26 20:46:59,219 | INFO    |   obs tras filtro húmedo: 1309 (SI=390)
2026-08-26 20:47:13,285 | INFO    | === sweep MC 55/100 | seed=154 ===
2026-08-26 20:47:16,026 | INFO    |   obs tras filtro húmedo: 1316 (SI=390)
2026-08-26 20:47:31,743 | INFO    | === sweep MC 56/100 | seed=155 ===
2026-08-26 20:47:34,488 | INFO    |   obs tras filtro húmedo: 1321 (SI=390)
2026-08-26 20:47:49,872 | INFO    | === sweep MC 57/100 | seed=156 ===
2026-08-26 20:47:52,596 | INFO    |   obs tras filtro húmedo: 1319 (SI=390)
2026-08-26 20:48:08,124 | INFO    | === sweep MC 58/100 | seed=157 ===
2026-08-26 20:48:10,908 | INFO    |   obs tras filtro húmedo: 1321 (SI=390)
2026-08-26 20:48:24,738 | INFO    | === sweep MC 59/100 | seed=158 ===
2026-08-26 20:48:27,512 | INFO    |   obs tras filtro húmedo: 1315 (SI=390)
2026-08-26 20:48:40,548 | INFO    | === sweep MC 60/100 | seed=159 ===
2026-08-26 20:48:43,307 | INFO    |   obs tras filtro húmedo: 1323 (SI=390)
2026-08-26 20:48:58,283 | INFO    | === sweep MC 61/100 | seed=160 ===
2026-08-26 20:49:01,034 | INFO    |   obs tras filtro húmedo: 1300 (SI=390)
2026-08-26 20:49:14,850 | INFO    | === sweep MC 62/100 | seed=161 ===
2026-08-26 20:49:17,598 | INFO    |   obs tras filtro húmedo: 1325 (SI=390)
2026-08-26 20:49:33,444 | INFO    | === sweep MC 63/100 | seed=162 ===
2026-08-26 20:49:36,209 | INFO    |   obs tras filtro húmedo: 1311 (SI=390)
2026-08-26 20:49:49,807 | INFO    | === sweep MC 64/100 | seed=163 ===
2026-08-26 20:49:52,530 | INFO    |   obs tras filtro húmedo: 1313 (SI=390)
2026-08-26 20:50:07,763 | INFO    | === sweep MC 65/100 | seed=164 ===
2026-08-26 20:50:10,655 | INFO    |   obs tras filtro húmedo: 1326 (SI=390)
2026-08-26 20:50:27,035 | INFO    | === sweep MC 66/100 | seed=165 ===
2026-08-26 20:50:29,762 | INFO    |   obs tras filtro húmedo: 1315 (SI=390)
2026-08-26 20:50:44,697 | INFO    | === sweep MC 67/100 | seed=166 ===
2026-08-26 20:50:47,448 | INFO    |   obs tras filtro húmedo: 1324 (SI=390)
2026-08-26 20:51:03,024 | INFO    | === sweep MC 68/100 | seed=167 ===
2026-08-26 20:51:05,814 | INFO    |   obs tras filtro húmedo: 1310 (SI=390)
2026-08-26 20:51:20,787 | INFO    | === sweep MC 69/100 | seed=168 ===
2026-08-26 20:51:23,563 | INFO    |   obs tras filtro húmedo: 1317 (SI=390)
2026-08-26 20:51:38,690 | INFO    | === sweep MC 70/100 | seed=169 ===
2026-08-26 20:51:41,451 | INFO    |   obs tras filtro húmedo: 1299 (SI=390)
2026-08-26 20:51:55,222 | INFO    | === sweep MC 71/100 | seed=170 ===
2026-08-26 20:51:58,014 | INFO    |   obs tras filtro húmedo: 1318 (SI=390)
2026-08-26 20:52:13,647 | INFO    | === sweep MC 72/100 | seed=171 ===
2026-08-26 20:52:16,379 | INFO    |   obs tras filtro húmedo: 1316 (SI=390)
2026-08-26 20:52:30,685 | INFO    | === sweep MC 73/100 | seed=172 ===
2026-08-26 20:52:33,436 | INFO    |   obs tras filtro húmedo: 1310 (SI=390)
2026-08-26 20:52:49,208 | INFO    | === sweep MC 74/100 | seed=173 ===
2026-08-26 20:52:51,998 | INFO    |   obs tras filtro húmedo: 1313 (SI=390)
2026-08-26 20:53:06,722 | INFO    | === sweep MC 75/100 | seed=174 ===
2026-08-26 20:53:09,471 | INFO    |   obs tras filtro húmedo: 1304 (SI=390)
2026-08-26 20:53:23,680 | INFO    | === sweep MC 76/100 | seed=175 ===
2026-08-26 20:53:26,451 | INFO    |   obs tras filtro húmedo: 1318 (SI=390)
2026-08-26 20:53:42,605 | INFO    | === sweep MC 77/100 | seed=176 ===
2026-08-26 20:53:45,338 | INFO    |   obs tras filtro húmedo: 1314 (SI=390)
2026-08-26 20:54:00,443 | INFO    | === sweep MC 78/100 | seed=177 ===
2026-08-26 20:54:03,338 | INFO    |   obs tras filtro húmedo: 1327 (SI=390)
2026-08-26 20:54:19,245 | INFO    | === sweep MC 79/100 | seed=178 ===
2026-08-26 20:54:21,923 | INFO    |   obs tras filtro húmedo: 1316 (SI=390)
2026-08-26 20:54:36,584 | INFO    | === sweep MC 80/100 | seed=179 ===
2026-08-26 20:54:39,237 | INFO    |   obs tras filtro húmedo: 1317 (SI=390)
2026-08-26 20:54:54,062 | INFO    | === sweep MC 81/100 | seed=180 ===
2026-08-26 20:54:56,731 | INFO    |   obs tras filtro húmedo: 1311 (SI=390)
2026-08-26 20:55:10,732 | INFO    | === sweep MC 82/100 | seed=181 ===
2026-08-26 20:55:13,424 | INFO    |   obs tras filtro húmedo: 1312 (SI=390)
2026-08-26 20:55:27,764 | INFO    | === sweep MC 83/100 | seed=182 ===
2026-08-26 20:55:30,434 | INFO    |   obs tras filtro húmedo: 1317 (SI=390)
2026-08-26 20:55:45,800 | INFO    | === sweep MC 84/100 | seed=183 ===
2026-08-26 20:55:48,612 | INFO    |   obs tras filtro húmedo: 1312 (SI=390)
2026-08-26 20:56:02,200 | INFO    | === sweep MC 85/100 | seed=184 ===
2026-08-26 20:56:05,031 | INFO    |   obs tras filtro húmedo: 1319 (SI=390)
2026-08-26 20:56:20,798 | INFO    | === sweep MC 86/100 | seed=185 ===
2026-08-26 20:56:23,600 | INFO    |   obs tras filtro húmedo: 1322 (SI=390)
2026-08-26 20:56:39,657 | INFO    | === sweep MC 87/100 | seed=186 ===
2026-08-26 20:56:42,442 | INFO    |   obs tras filtro húmedo: 1311 (SI=390)
2026-08-26 20:56:56,482 | INFO    | === sweep MC 88/100 | seed=187 ===
2026-08-26 20:56:59,305 | INFO    |   obs tras filtro húmedo: 1305 (SI=390)
2026-08-26 20:57:13,043 | INFO    | === sweep MC 89/100 | seed=188 ===
2026-08-26 20:57:15,752 | INFO    |   obs tras filtro húmedo: 1307 (SI=390)
2026-08-26 20:57:29,070 | INFO    | === sweep MC 90/100 | seed=189 ===
2026-08-26 20:57:31,875 | INFO    |   obs tras filtro húmedo: 1315 (SI=390)
2026-08-26 20:57:47,163 | INFO    | === sweep MC 91/100 | seed=190 ===
2026-08-26 20:57:49,943 | INFO    |   obs tras filtro húmedo: 1294 (SI=390)
2026-08-26 20:58:02,466 | INFO    | === sweep MC 92/100 | seed=191 ===
2026-08-26 20:58:05,273 | INFO    |   obs tras filtro húmedo: 1304 (SI=390)
2026-08-26 20:58:18,092 | INFO    | === sweep MC 93/100 | seed=192 ===
2026-08-26 20:58:20,832 | INFO    |   obs tras filtro húmedo: 1312 (SI=390)
2026-08-26 20:58:34,701 | INFO    | === sweep MC 94/100 | seed=193 ===
2026-08-26 20:58:37,438 | INFO    |   obs tras filtro húmedo: 1317 (SI=390)
2026-08-26 20:58:50,531 | INFO    | === sweep MC 95/100 | seed=194 ===
2026-08-26 20:58:53,263 | INFO    |   obs tras filtro húmedo: 1319 (SI=390)
2026-08-26 20:59:07,395 | INFO    | === sweep MC 96/100 | seed=195 ===
2026-08-26 20:59:10,118 | INFO    |   obs tras filtro húmedo: 1318 (SI=390)
2026-08-26 20:59:25,400 | INFO    | === sweep MC 97/100 | seed=196 ===
2026-08-26 20:59:28,136 | INFO    |   obs tras filtro húmedo: 1311 (SI=390)
2026-08-26 20:59:42,366 | INFO    | === sweep MC 98/100 | seed=197 ===
2026-08-26 20:59:45,102 | INFO    |   obs tras filtro húmedo: 1317 (SI=390)
2026-08-26 21:00:00,324 | INFO    | === sweep MC 99/100 | seed=198 ===
2026-08-26 21:00:03,542 | INFO    |   obs tras filtro húmedo: 1312 (SI=390)
2026-08-26 21:00:17,949 | INFO    | === sweep MC 100/100 | seed=199 ===
2026-08-26 21:00:20,775 | INFO    |   obs tras filtro húmedo: 1306 (SI=390)
2026-08-26 21:00:34,722 | INFO    | TOP 10 combinaciones por MEDIANA de AUROC:
 T_days  P_days   median     mean      std  count
      1       9 0.951915 0.949370 0.011539    100
      1      31 0.951462 0.949901 0.011006    100
      1      10 0.951103 0.948939 0.011481    100
      1      30 0.950963 0.949592 0.011158    100
      1      32 0.950918 0.949765 0.011034    100
      1      33 0.950850 0.950283 0.010979    100
      1      17 0.950785 0.949375 0.011195    100
      1      28 0.950446 0.948893 0.011274    100
      1      34 0.950407 0.950024 0.011066    100
      1      29 0.950187 0.949425 0.011179    100
2026-08-26 21:00:34,722 | INFO    | === window_search LISTO ===
